
Discarded input sections

 .data          0x00000000        0x0 ./build/boot2_w25q080_RP2040.o
 .bss           0x00000000        0x0 ./build/boot2_w25q080_RP2040.o

Memory Configuration

Name             Origin             Length             Attributes
SRAM             0x20041f00         0x000000fc         xr
*default*        0x00000000         0xffffffff

Linker script and memory map

                0x20041f00                        . = ORIGIN (SRAM)

.text           0x20041f00       0xf0
 *(.entry)
 *(.text)
 .text          0x20041f00       0xf0 ./build/boot2_w25q080_RP2040.o
                0x20041f00                _stage2_boot
                0x20041fbc                read_flash_sreg
                0x20041fcc                literals

.glue_7         0x20041ff0        0x0
 .glue_7        0x20041ff0        0x0 linker stubs

.glue_7t        0x20041ff0        0x0
 .glue_7t       0x20041ff0        0x0 linker stubs

.vfp11_veneer   0x20041ff0        0x0
 .vfp11_veneer  0x20041ff0        0x0 linker stubs

.v4_bx          0x20041ff0        0x0
 .v4_bx         0x20041ff0        0x0 linker stubs

.iplt           0x20041ff0        0x0
 .iplt          0x20041ff0        0x0 ./build/boot2_w25q080_RP2040.o

.igot.plt       0x20041ff0        0x0
 .igot.plt      0x20041ff0        0x0 ./build/boot2_w25q080_RP2040.o

.rel.dyn        0x20041ff0        0x0
 .rel.iplt      0x20041ff0        0x0 ./build/boot2_w25q080_RP2040.o

/DISCARD/
 *(.init)
 *(.fini)
LOAD ./build/boot2_w25q080_RP2040.o
START GROUP
LOAD C:/git/arm-gnu-toolchain-none-eabi/14.2 rel1/bin/../lib/gcc/arm-none-eabi/14.2.1\libgcc.a
LOAD C:/git/arm-gnu-toolchain-none-eabi/14.2 rel1/bin/../lib/gcc/arm-none-eabi/14.2.1\libc.a
END GROUP
START GROUP
LOAD C:/git/arm-gnu-toolchain-none-eabi/14.2 rel1/bin/../lib/gcc/arm-none-eabi/14.2.1\libgcc.a
LOAD C:/git/arm-gnu-toolchain-none-eabi/14.2 rel1/bin/../lib/gcc/arm-none-eabi/14.2.1\libc.a
LOAD C:/git/arm-gnu-toolchain-none-eabi/14.2 rel1/bin/../lib/gcc/arm-none-eabi/14.2.1\libnosys.a
END GROUP
OUTPUT(build/boot2_w25q080_RP2040.elf elf32-littlearm)
LOAD linker stubs

.ARM.attributes
                0x00000000       0x22
 .ARM.attributes
                0x00000000       0x22 ./build/boot2_w25q080_RP2040.o
